<html>
<body>
<pre>
<h1>礦ision Build Log</h1>
<h2>Tool Versions:</h2>
IDE-Version: μVision V5.30.0.0
Copyright (C) 2020 ARM Ltd and ARM Germany GmbH. All rights reserved.
License Information:  ,  , LIC=JDA0P-MG24Q-BXKUY-IC704-M23W6-GZLQJ
 
Tool Versions:
Toolchain:       MDK-ARM Professional  Version: 5.30.0.0
Toolchain Path:  D:\software\tools\Keil_v5\ARM\ARMCC\Bin
C Compiler:      Armcc.exe V5.06 update 6 (build 750)
Assembler:       Armasm.exe V5.06 update 6 (build 750)
Linker/Locator:  ArmLink.exe V5.06 update 6 (build 750)
Library Manager: ArmAr.exe V5.06 update 6 (build 750)
Hex Converter:   FromElf.exe V5.06 update 6 (build 750)
CPU DLL:         SARMCM3.DLL V5.30.0.0
Dialog DLL:      DARMCM1.DLL V1.19.3.0
Target DLL:      Segger\JL2CM3.dll V2.99.38.0
Dialog DLL:      TARMCM1.DLL V1.14.2.0
 
<h2>Project:</h2>
F:\资料\DC_Power_measure _Module\项目资料\软件\V1.0\DC_Measure_project\keil\DC_Measure_V1.0.uvprojx
Project File Date:  07/30/2021

<h2>Output:</h2>
*** Using Compiler 'V5.06 update 6 (build 750)', folder: 'D:\software\tools\Keil_v5\ARM\ARMCC\Bin'
Rebuild target 'DC_Measure'
assembling startup_Nano100Series.s...
creating preprocessor file for system_Nano100Series.c...
creating preprocessor file for clk.c...
creating preprocessor file for adc.c...
compiling system_Nano100Series.c...
compiling clk.c...
compiling adc.c...
creating preprocessor file for dac.c...
creating preprocessor file for crc.c...
creating preprocessor file for ebi.c...
creating preprocessor file for fmc.c...
compiling crc.c...
compiling dac.c...
creating preprocessor file for gpio.c...
creating preprocessor file for i2c.c...
compiling ebi.c...
creating preprocessor file for i2s.c...
compiling gpio.c...
compiling i2c.c...
compiling fmc.c...
creating preprocessor file for lcd.c...
creating preprocessor file for pdma.c...
compiling i2s.c...
creating preprocessor file for pwm.c...
compiling lcd.c...
compiling pdma.c...
creating preprocessor file for rtc.c...
creating preprocessor file for retarget.c...
compiling pwm.c...
creating preprocessor file for sc.c...
creating preprocessor file for scuart.c...
compiling retarget.c...
compiling rtc.c...
creating preprocessor file for spi.c...
compiling sc.c...
compiling scuart.c...
creating preprocessor file for sys.c...
creating preprocessor file for timer.c...
compiling spi.c...
compiling sys.c...
creating preprocessor file for uart.c...
creating preprocessor file for usbd.c...
compiling timer.c...
compiling uart.c...
creating preprocessor file for wwdt.c...
creating preprocessor file for YDT_1363-3.c...
creating preprocessor file for wdt.c...
compiling usbd.c...
creating preprocessor file for bus_485.c...
creating preprocessor file for main.c...
compiling wwdt.c...
compiling wdt.c...
compiling main.c...
compiling YDT_1363-3.c...
creating preprocessor file for bus_i2c.c...
creating preprocessor file for bus_spi.c...
compiling bus_485.c...
creating preprocessor file for 25L3233F.c...
compiling bus_spi.c...
compiling bus_i2c.c...
creating preprocessor file for HT7038.c...
compiling 25L3233F.c...
creating preprocessor file for LED.c...
compiling HT7038.c...
creating preprocessor file for MB85RS16NPN.c...
creating preprocessor file for XL7026EI.c...
compiling LED.c...
compiling MB85RS16NPN.c...
compiling XL7026EI.c...
linking...
Program Size: Code=2924 RO-data=360 RW-data=12 ZI-data=1284  
FromELF: creating hex file...
".\Objects\DC_Measure_V1.0" - 0 Error(s), 0 Warning(s).

<h2>Software Packages used:</h2>

Package Vendor: Nuvoton
                https://www.nuvoton.com/enu/Documents/KEILSoftwarePack/Nuvoton.NuMicro_DFP.1.3.12.pack
                Nuvoton.NuMicro_DFP.1.3.12
                Nuvoton ARM Cortex-M NuMicro Family Device Support

<h2>Collection of Component include folders:</h2>
  .\RTE\_DC_Measure
  D:\software\tools\Keil_v5\Nuvoton\NuMicro_DFP\1.3.12\Device\NANO100BN\Include

<h2>Collection of Component Files used:</h2>
Build Time Elapsed:  00:00:17
</pre>
</body>
</html>
