<html>
<body>
<pre>
<h1>礦ision Build Log</h1>
<h2>Tool Versions:</h2>
IDE-Version: μVision V5.30.0.0
Copyright (C) 2020 ARM Ltd and ARM Germany GmbH. All rights reserved.
License Information:  ,  , LIC=JDA0P-MG24Q-BXKUY-IC704-M23W6-GZLQJ
 
Tool Versions:
Toolchain:       MDK-ARM Professional  Version: 5.30.0.0
Toolchain Path:  D:\software\tools\Keil_v5\ARM\ARMCC\Bin
C Compiler:      Armcc.exe V5.06 update 6 (build 750)
Assembler:       Armasm.exe V5.06 update 6 (build 750)
Linker/Locator:  ArmLink.exe V5.06 update 6 (build 750)
Library Manager: ArmAr.exe V5.06 update 6 (build 750)
Hex Converter:   FromElf.exe V5.06 update 6 (build 750)
CPU DLL:         SARMCM3.DLL V5.30.0.0
Dialog DLL:      DARMCM1.DLL V1.19.3.0
    Target DLL: Nu_Link.dll
Dialog DLL:      TARMCM1.DLL V1.14.2.0
 
<h2>Project:</h2>
F:\资料\nano100sd3bn\官方文档资料\BSP\Nano100B_Series_BSP_CMSIS_v3.03.002\SampleCode\NUTINY-EVB-NANO130\LCD_DEMO\KEIL\LCD_DEMO.uvproj
Project File Date:  07/26/2021

<h2>Output:</h2>
*** Using Compiler 'V5.06 update 6 (build 750)', folder: 'D:\software\tools\Keil_v5\ARM\ARMCC\Bin'
Rebuild target 'LCD_DEMO'
Clean started - Project: 'LCD_DEMO'
   deleting intermediate output files for target 'LCD_DEMO'
creating preprocessor file for system_Nano100Series.c...
compiling system_Nano100Series.c...
assembling startup_Nano100Series.s...
creating preprocessor file for LCDLIB.c...
compiling LCDLIB.c...
creating preprocessor file for lcd.c...
compiling lcd.c...
creating preprocessor file for retarget.c...
compiling retarget.c...
creating preprocessor file for rtc.c...
compiling rtc.c...
creating preprocessor file for sys.c...
compiling sys.c...
creating preprocessor file for uart.c...
compiling uart.c...
creating preprocessor file for LCDLIB_Panel.c...
compiling LCDLIB_Panel.c...
creating preprocessor file for clk.c...
compiling clk.c...
creating preprocessor file for LCD_Commom.c...
compiling LCD_Commom.c...
creating preprocessor file for RTC_Common.c...
compiling RTC_Common.c...
creating preprocessor file for main.c...
compiling main.c...
linking...
Program Size: Code=5844 RO-data=916 RW-data=104 ZI-data=1280  
".\obj\LCD_DEMO.axf" - 0 Error(s), 0 Warning(s).

*** Performing Cross-Module-Optimization:
compiling system_Nano100Series.c...
compiling LCDLIB.c...
compiling lcd.c...
compiling retarget.c...
compiling rtc.c...
compiling sys.c...
compiling uart.c...
compiling clk.c...
compiling LCD_Commom.c...
compiling RTC_Common.c...
compiling main.c...
linking...
Program Size: Code=5844 RO-data=916 RW-data=104 ZI-data=1280  
FromELF: creating hex file...
After Build - User command #1: fromelf --bin ".\obj\LCD_DEMO.axf" --output ".\obj\LCD_DEMO.bin"
After Build - User command #2: fromelf --text -c ".\obj\LCD_DEMO.axf" --output ".\obj\LCD_DEMO.txt"
".\obj\LCD_DEMO.axf" - 0 Error(s), 0 Warning(s).
*** Completed Cross-Module-Optimization after 2 iteration(s).
Build Time Elapsed:  00:00:16
</pre>
</body>
</html>
